{
  "Id": 9,
  "Title": "Morpheus in a chair statuette",
  "Price": 20.14,
  "_embedded": {
    "unknownRel-CategoryRepresentation": {
      "Title": "Action Figures",
      "_links": null
    }
  }
}